[0m23:34:33.576055 [debug] [MainThread]: Sending event: {'category': 'dbt', 'action': 'invocation', 'label': 'start', 'context': [<snowplow_tracker.self_describing_json.SelfDescribingJson object at 0x000001C63C40D2B0>, <snowplow_tracker.self_describing_json.SelfDescribingJson object at 0x000001C639AF39D0>, <snowplow_tracker.self_describing_json.SelfDescribingJson object at 0x000001C63FCEF9D0>]}


============================== 23:34:33.967714 | 5a3c6192-219b-4fce-9f37-c327e0dd8030 ==============================
[0m23:34:33.967714 [info ] [MainThread]: Running with dbt=1.12.0
[0m23:34:33.969959 [debug] [MainThread]: running dbt with arguments {'version_check': 'True', 'no_print': 'None', 'maximum_seed_size_mib': '1', 'target_path': 'None', 'static_parser': 'True', 'warn_error_options': 'WarnErrorOptionsV2(error=[], warn=[], silence=[])', 'printer_width': '80', 'write_json': 'True', 'empty': 'None', 'log_cache_events': 'False', 'introspect': 'True', 'cache_selected_only': 'False', 'log_format': 'default', 'debug': 'False', 'fail_fast': 'False', 'profiles_dir': 'C:\\Users\\Talha Zafar\\.dbt', 'send_anonymous_usage_stats': 'True', 'quiet': 'False', 'warn_error': 'None', 'partial_parse': 'True', 'use_colors': 'True', 'hints_enabled': 'True', 'indirect_selection': 'eager', 'use_experimental_parser': 'False', 'invocation_command': 'dbt init dbt-test-project', 'log_path': 'logs'}
[0m23:34:46.474116 [debug] [MainThread]: Starter project path: D:\data_engineering\dbt\dbt-project\.venv\Lib\site-packages\dbt\include\starter_project
[0m23:34:46.550581 [info ] [MainThread]: Setting up your profile.
[0m23:35:08.311542 [debug] [MainThread]: Snowflake adapter: Setting snowflake.connector to ERROR (file logging only)
[0m23:35:08.316112 [debug] [MainThread]: Snowflake adapter: Setting botocore to ERROR (file logging only)
[0m23:35:08.318720 [debug] [MainThread]: Snowflake adapter: Setting boto3 to ERROR (file logging only)
[0m23:38:01.118776 [info ] [MainThread]: Profile dbt_test_project written to C:\Users\Talha Zafar\.dbt\profiles.yml using target's profile_template.yml and your supplied values.
[0m23:38:01.503940 [info ] [MainThread]: Running dbt debug to validate the project...
[0m23:38:01.521842 [info ] [MainThread]: dbt version: 1.12.0
[0m23:38:01.523900 [info ] [MainThread]: python version: 3.14.5
[0m23:38:01.526442 [info ] [MainThread]: python path: D:\data_engineering\dbt\dbt-project\.venv\Scripts\python.exe
[0m23:38:01.528588 [info ] [MainThread]: os info: Windows-10-10.0.19045-SP0
[0m23:38:01.723757 [info ] [MainThread]: Using profiles dir at C:\Users\Talha Zafar\.dbt
[0m23:38:01.725297 [info ] [MainThread]: Using profiles.yml file at C:\Users\Talha Zafar\.dbt\profiles.yml
[0m23:38:01.732080 [info ] [MainThread]: Using dbt_project.yml file at D:\data_engineering\dbt\dbt-project\dbt_test_project\dbt_project.yml
[0m23:38:01.752384 [info ] [MainThread]: adapter type: snowflake
[0m23:38:01.754932 [info ] [MainThread]: adapter version: 1.12.0
[0m23:38:02.037072 [info ] [MainThread]: Configuration:
[0m23:38:02.038740 [info ] [MainThread]:   profiles.yml file [[32mOK found and valid[0m]
[0m23:38:02.042304 [info ] [MainThread]:   dbt_project.yml file [[32mOK found and valid[0m]
[0m23:38:02.044239 [info ] [MainThread]: Required dependencies:
[0m23:38:02.045878 [debug] [MainThread]: Executing "git --help"
[0m23:38:02.137429 [debug] [MainThread]: STDOUT: "b"usage: git [-v | --version] [-h | --help] [-C <path>] [-c <name>=<value>]\n           [--exec-path[=<path>]] [--html-path] [--man-path] [--info-path]\n           [-p | --paginate | -P | --no-pager] [--no-replace-objects] [--no-lazy-fetch]\n           [--no-optional-locks] [--no-advice] [--bare] [--git-dir=<path>]\n           [--work-tree=<path>] [--namespace=<name>] [--config-env=<name>=<envvar>]\n           <command> [<args>]\n\nThese are common Git commands used in various situations:\n\nstart a working area (see also: git help tutorial)\n   clone      Clone a repository into a new directory\n   init       Create an empty Git repository or reinitialize an existing one\n\nwork on the current change (see also: git help everyday)\n   add        Add file contents to the index\n   mv         Move or rename a file, a directory, or a symlink\n   restore    Restore working tree files\n   rm         Remove files from the working tree and from the index\n\nexamine the history and state (see also: git help revisions)\n   bisect     Use binary search to find the commit that introduced a bug\n   diff       Show changes between commits, commit and working tree, etc\n   grep       Print lines matching a pattern\n   log        Show commit logs\n   show       Show various types of objects\n   status     Show the working tree status\n\ngrow, mark and tweak your common history\n   backfill   Download missing objects in a partial clone\n   branch     List, create, or delete branches\n   commit     Record changes to the repository\n   history    EXPERIMENTAL: Rewrite history\n   merge      Join two or more development histories together\n   rebase     Reapply commits on top of another base tip\n   reset      Set `HEAD` or the index to a known state\n   switch     Switch branches\n   tag        Create, list, delete or verify tags\n\ncollaborate (see also: git help workflows)\n   fetch      Download objects and refs from another repository\n   pull       Fetch from and integrate with another repository or a local branch\n   push       Update remote refs along with associated objects\n\n'git help -a' and 'git help -g' list available subcommands and some\nconcept guides. See 'git help <command>' or 'git help <concept>'\nto read about a specific subcommand or concept.\nSee 'git help git' for an overview of the system.\n""
[0m23:38:02.139004 [debug] [MainThread]: STDERR: "b''"
[0m23:38:02.140310 [info ] [MainThread]:  - git [[32mOK found[0m]

[0m23:38:02.142126 [info ] [MainThread]: Connection:
[0m23:38:02.146497 [info ] [MainThread]:   account: OLXLTFC-AA71752
[0m23:38:02.147799 [info ] [MainThread]:   user: TALHAZAFAR
[0m23:38:02.149118 [info ] [MainThread]:   database: DEMO_DB
[0m23:38:02.150447 [info ] [MainThread]:   warehouse: COMPUTE_WH
[0m23:38:02.151870 [info ] [MainThread]:   role: ACCOUNTADMIN
[0m23:38:02.153240 [info ] [MainThread]:   schema: BRONZE
[0m23:38:02.154634 [info ] [MainThread]:   authenticator: None
[0m23:38:02.156023 [info ] [MainThread]:   oauth_client_id: None
[0m23:38:02.157397 [info ] [MainThread]:   query_tag: None
[0m23:38:02.158979 [info ] [MainThread]:   client_session_keep_alive: False
[0m23:38:02.160526 [info ] [MainThread]:   host: None
[0m23:38:02.162066 [info ] [MainThread]:   port: None
[0m23:38:02.164676 [info ] [MainThread]:   proxy_host: None
[0m23:38:02.170267 [info ] [MainThread]:   proxy_port: None
[0m23:38:02.171883 [info ] [MainThread]:   protocol: None
[0m23:38:02.173310 [info ] [MainThread]:   connect_retries: 1
[0m23:38:02.174629 [info ] [MainThread]:   connect_timeout: None
[0m23:38:02.176006 [info ] [MainThread]:   retry_on_database_errors: False
[0m23:38:02.177330 [info ] [MainThread]:   retry_all: False
[0m23:38:02.178811 [info ] [MainThread]:   insecure_mode: False
[0m23:38:02.183900 [info ] [MainThread]:   reuse_connections: True
[0m23:38:02.185601 [info ] [MainThread]:   s3_stage_vpce_dns_name: None
[0m23:38:02.187300 [info ] [MainThread]:   workload_identity_provider: None
[0m23:38:02.188686 [info ] [MainThread]:   workload_identity_entra_resource: None
[0m23:38:02.190164 [info ] [MainThread]:   platform_detection_timeout_seconds: 0.0
[0m23:38:02.192294 [info ] [MainThread]: Registered adapter: snowflake=1.12.0
[0m23:38:03.087702 [debug] [MainThread]: Acquiring new snowflake connection 'debug'
[0m23:38:03.122547 [debug] [MainThread]: Using snowflake connection "debug"
[0m23:38:03.123530 [debug] [MainThread]: On debug: select 1 as id
[0m23:38:03.124427 [debug] [MainThread]: Opening a new connection, currently in state init
[0m23:38:05.489107 [debug] [MainThread]: SQL status: SUCCESS 1 in 2.364 seconds
[0m23:38:05.492921 [info ] [MainThread]:   Connection test: [[32mOK connection ok[0m]

[0m23:38:05.495742 [info ] [MainThread]: [32mAll checks passed![0m
[0m23:38:05.502465 [info ] [MainThread]: Your new dbt project "dbt_test_project" was created!
Initialized new project in D:\data_engineering\dbt\dbt-project\dbt_test_project\dbt_test_project

For more information on how to configure the profiles.yml file,
please consult the dbt documentation here:

  https://docs.getdbt.com/docs/configure-your-profile

One more thing:

Need help? Don't hesitate to reach out to us via GitHub issues or on Slack:

  https://community.getdbt.com/

Happy modeling!

[0m23:38:05.508845 [debug] [MainThread]: Command `dbt init` succeeded at 23:38:05.508196 after 212.42 seconds
[0m23:38:05.510859 [debug] [MainThread]: Connection 'debug' was left open.
[0m23:38:05.512990 [debug] [MainThread]: On debug: Close
[0m23:38:05.586261 [debug] [MainThread]: Sending event: {'category': 'dbt', 'action': 'invocation', 'label': 'end', 'context': [<snowplow_tracker.self_describing_json.SelfDescribingJson object at 0x000001C643183E10>, <snowplow_tracker.self_describing_json.SelfDescribingJson object at 0x000001C642F6C050>, <snowplow_tracker.self_describing_json.SelfDescribingJson object at 0x000001C64316F460>]}
[0m23:38:05.587431 [debug] [MainThread]: Flushing usage events
[0m23:38:06.081858 [debug] [MainThread]: An error was encountered while trying to flush usage events
